Archive member included to satisfy reference by file (symbol)

/opt/st/stm32cubeide_1.3.0/plugins/com.st.stm32cube.ide.mcu.externaltools.gnu-tools-for-stm32.7-2018-q2-update.linux64_1.0.0.201904181610/tools/bin/../lib/gcc/arm-none-eabi/7.3.1/../../../../arm-none-eabi/lib/thumb/v7-m/libc_nano.a(lib_a-errno.o)
                              Core/Src/syscalls.o (__errno)
/opt/st/stm32cubeide_1.3.0/plugins/com.st.stm32cube.ide.mcu.externaltools.gnu-tools-for-stm32.7-2018-q2-update.linux64_1.0.0.201904181610/tools/bin/../lib/gcc/arm-none-eabi/7.3.1/../../../../arm-none-eabi/lib/thumb/v7-m/libc_nano.a(lib_a-exit.o)
                              /opt/st/stm32cubeide_1.3.0/plugins/com.st.stm32cube.ide.mcu.externaltools.gnu-tools-for-stm32.7-2018-q2-update.linux64_1.0.0.201904181610/tools/bin/../lib/gcc/arm-none-eabi/7.3.1/../../../../arm-none-eabi/lib/thumb/v7-m/crt0.o (exit)
/opt/st/stm32cubeide_1.3.0/plugins/com.st.stm32cube.ide.mcu.externaltools.gnu-tools-for-stm32.7-2018-q2-update.linux64_1.0.0.201904181610/tools/bin/../lib/gcc/arm-none-eabi/7.3.1/../../../../arm-none-eabi/lib/thumb/v7-m/libc_nano.a(lib_a-impure.o)
                              /opt/st/stm32cubeide_1.3.0/plugins/com.st.stm32cube.ide.mcu.externaltools.gnu-tools-for-stm32.7-2018-q2-update.linux64_1.0.0.201904181610/tools/bin/../lib/gcc/arm-none-eabi/7.3.1/../../../../arm-none-eabi/lib/thumb/v7-m/libc_nano.a(lib_a-exit.o) (_global_impure_ptr)
/opt/st/stm32cubeide_1.3.0/plugins/com.st.stm32cube.ide.mcu.externaltools.gnu-tools-for-stm32.7-2018-q2-update.linux64_1.0.0.201904181610/tools/bin/../lib/gcc/arm-none-eabi/7.3.1/../../../../arm-none-eabi/lib/thumb/v7-m/libc_nano.a(lib_a-init.o)
                              /opt/st/stm32cubeide_1.3.0/plugins/com.st.stm32cube.ide.mcu.externaltools.gnu-tools-for-stm32.7-2018-q2-update.linux64_1.0.0.201904181610/tools/bin/../lib/gcc/arm-none-eabi/7.3.1/../../../../arm-none-eabi/lib/thumb/v7-m/crt0.o (__libc_init_array)
/opt/st/stm32cubeide_1.3.0/plugins/com.st.stm32cube.ide.mcu.externaltools.gnu-tools-for-stm32.7-2018-q2-update.linux64_1.0.0.201904181610/tools/bin/../lib/gcc/arm-none-eabi/7.3.1/../../../../arm-none-eabi/lib/thumb/v7-m/libc_nano.a(lib_a-memset.o)
                              /opt/st/stm32cubeide_1.3.0/plugins/com.st.stm32cube.ide.mcu.externaltools.gnu-tools-for-stm32.7-2018-q2-update.linux64_1.0.0.201904181610/tools/bin/../lib/gcc/arm-none-eabi/7.3.1/../../../../arm-none-eabi/lib/thumb/v7-m/crt0.o (memset)

Allocating common symbols
Common symbol       size              file

uwTick              0x4               Drivers/STM32F1xx_HAL_Driver/Src/stm32f1xx_hal.o
pFlash              0x20              Drivers/STM32F1xx_HAL_Driver/Src/stm32f1xx_hal_flash.o

Discarded input sections

 .text          0x0000000000000000        0x0 /opt/st/stm32cubeide_1.3.0/plugins/com.st.stm32cube.ide.mcu.externaltools.gnu-tools-for-stm32.7-2018-q2-update.linux64_1.0.0.201904181610/tools/bin/../lib/gcc/arm-none-eabi/7.3.1/thumb/v7-m/crti.o
 .data          0x0000000000000000        0x0 /opt/st/stm32cubeide_1.3.0/plugins/com.st.stm32cube.ide.mcu.externaltools.gnu-tools-for-stm32.7-2018-q2-update.linux64_1.0.0.201904181610/tools/bin/../lib/gcc/arm-none-eabi/7.3.1/thumb/v7-m/crti.o
 .bss           0x0000000000000000        0x0 /opt/st/stm32cubeide_1.3.0/plugins/com.st.stm32cube.ide.mcu.externaltools.gnu-tools-for-stm32.7-2018-q2-update.linux64_1.0.0.201904181610/tools/bin/../lib/gcc/arm-none-eabi/7.3.1/thumb/v7-m/crti.o
 .data          0x0000000000000000        0x4 /opt/st/stm32cubeide_1.3.0/plugins/com.st.stm32cube.ide.mcu.externaltools.gnu-tools-for-stm32.7-2018-q2-update.linux64_1.0.0.201904181610/tools/bin/../lib/gcc/arm-none-eabi/7.3.1/thumb/v7-m/crtbegin.o
 .text          0x0000000000000000       0x74 /opt/st/stm32cubeide_1.3.0/plugins/com.st.stm32cube.ide.mcu.externaltools.gnu-tools-for-stm32.7-2018-q2-update.linux64_1.0.0.201904181610/tools/bin/../lib/gcc/arm-none-eabi/7.3.1/../../../../arm-none-eabi/lib/thumb/v7-m/crt0.o
 .data          0x0000000000000000        0x0 /opt/st/stm32cubeide_1.3.0/plugins/com.st.stm32cube.ide.mcu.externaltools.gnu-tools-for-stm32.7-2018-q2-update.linux64_1.0.0.201904181610/tools/bin/../lib/gcc/arm-none-eabi/7.3.1/../../../../arm-none-eabi/lib/thumb/v7-m/crt0.o
 .bss           0x0000000000000000        0x0 /opt/st/stm32cubeide_1.3.0/plugins/com.st.stm32cube.ide.mcu.externaltools.gnu-tools-for-stm32.7-2018-q2-update.linux64_1.0.0.201904181610/tools/bin/../lib/gcc/arm-none-eabi/7.3.1/../../../../arm-none-eabi/lib/thumb/v7-m/crt0.o
 .ARM.extab     0x0000000000000000        0x0 /opt/st/stm32cubeide_1.3.0/plugins/com.st.stm32cube.ide.mcu.externaltools.gnu-tools-for-stm32.7-2018-q2-update.linux64_1.0.0.201904181610/tools/bin/../lib/gcc/arm-none-eabi/7.3.1/../../../../arm-none-eabi/lib/thumb/v7-m/crt0.o
[...]
Memory Configuration

Name             Origin             Length             Attributes
RAM              0x0000000020000000 0x0000000000005000 xrw
FLASH            0x0000000008000000 0x0000000000020000 xr
*default*        0x0000000000000000 0xffffffffffffffff

Linker script and memory map

LOAD /opt/st/stm32cubeide_1.3.0/plugins/com.st.stm32cube.ide.mcu.externaltools.gnu-tools-for-stm32.7-2018-q2-update.linux64_1.0.0.201904181610/tools/bin/../lib/gcc/arm-none-eabi/7.3.1/thumb/v7-m/crti.o
LOAD /opt/st/stm32cubeide_1.3.0/plugins/com.st.stm32cube.ide.mcu.externaltools.gnu-tools-for-stm32.7-2018-q2-update.linux64_1.0.0.201904181610/tools/bin/../lib/gcc/arm-none-eabi/7.3.1/thumb/v7-m/crtbegin.o
LOAD /opt/st/stm32cubeide_1.3.0/plugins/com.st.stm32cube.ide.mcu.externaltools.gnu-tools-for-stm32.7-2018-q2-update.linux64_1.0.0.201904181610/tools/bin/../lib/gcc/arm-none-eabi/7.3.1/../../../../arm-none-eabi/lib/thumb/v7-m/crt0.o
LOAD Core/Src/CommonInterface/InputInterface/ButtonsInterface/BasicButton.o
LOAD Core/Src/CommonInterface/InputInterface/ButtonsInterface/BlueButtonObject/BlueButtonClass.o
LOAD Core/Src/main.o
LOAD Core/Src/stm32f1xx_hal_msp.o
LOAD Core/Src/stm32f1xx_it.o
LOAD Core/Src/syscalls.o
LOAD Core/Src/sysmem.o
LOAD Core/Src/system_stm32f1xx.o
LOAD Core/Startup/startup_stm32f103rbtx.o
LOAD Drivers/STM32F1xx_HAL_Driver/Src/stm32f1xx_hal.o
LOAD Drivers/STM32F1xx_HAL_Driver/Src/stm32f1xx_hal_cortex.o
LOAD Drivers/STM32F1xx_HAL_Driver/Src/stm32f1xx_hal_dma.o
LOAD Drivers/STM32F1xx_HAL_Driver/Src/stm32f1xx_hal_exti.o
LOAD Drivers/STM32F1xx_HAL_Driver/Src/stm32f1xx_hal_flash.o
LOAD Drivers/STM32F1xx_HAL_Driver/Src/stm32f1xx_hal_flash_ex.o
LOAD Drivers/STM32F1xx_HAL_Driver/Src/stm32f1xx_hal_gpio.o
LOAD Drivers/STM32F1xx_HAL_Driver/Src/stm32f1xx_hal_gpio_ex.o
LOAD Drivers/STM32F1xx_HAL_Driver/Src/stm32f1xx_hal_pwr.o
LOAD Drivers/STM32F1xx_HAL_Driver/Src/stm32f1xx_hal_rcc.o
LOAD Drivers/STM32F1xx_HAL_Driver/Src/stm32f1xx_hal_rcc_ex.o
LOAD Drivers/STM32F1xx_HAL_Driver/Src/stm32f1xx_hal_tim.o
LOAD Drivers/STM32F1xx_HAL_Driver/Src/stm32f1xx_hal_tim_ex.o
LOAD Drivers/STM32F1xx_HAL_Driver/Src/stm32f1xx_hal_uart.o
START GROUP
LOAD /opt/st/stm32cubeide_1.3.0/plugins/com.st.stm32cube.ide.mcu.externaltools.gnu-tools-for-stm32.7-2018-q2-update.linux64_1.0.0.201904181610/tools/bin/../lib/gcc/arm-none-eabi/7.3.1/../../../../arm-none-eabi/lib/thumb/v7-m/libstdc++_nano.a
LOAD /opt/st/stm32cubeide_1.3.0/plugins/com.st.stm32cube.ide.mcu.externaltools.gnu-tools-for-stm32.7-2018-q2-update.linux64_1.0.0.201904181610/tools/bin/../lib/gcc/arm-none-eabi/7.3.1/../../../../arm-none-eabi/lib/thumb/v7-m/libsupc++_nano.a
END GROUP
LOAD /opt/st/stm32cubeide_1.3.0/plugins/com.st.stm32cube.ide.mcu.externaltools.gnu-tools-for-stm32.7-2018-q2-update.linux64_1.0.0.201904181610/tools/bin/../lib/gcc/arm-none-eabi/7.3.1/../../../../arm-none-eabi/lib/thumb/v7-m/libstdc++_nano.a
LOAD /opt/st/stm32cubeide_1.3.0/plugins/com.st.stm32cube.ide.mcu.externaltools.gnu-tools-for-stm32.7-2018-q2-update.linux64_1.0.0.201904181610/tools/bin/../lib/gcc/arm-none-eabi/7.3.1/../../../../arm-none-eabi/lib/thumb/v7-m/libm.a
LOAD /opt/st/stm32cubeide_1.3.0/plugins/com.st.stm32cube.ide.mcu.externaltools.gnu-tools-for-stm32.7-2018-q2-update.linux64_1.0.0.201904181610/tools/bin/../lib/gcc/arm-none-eabi/7.3.1/../../../../arm-none-eabi/lib/thumb/v7-m/libc_nano.a
START GROUP
LOAD /opt/st/stm32cubeide_1.3.0/plugins/com.st.stm32cube.ide.mcu.externaltools.gnu-tools-for-stm32.7-2018-q2-update.linux64_1.0.0.201904181610/tools/bin/../lib/gcc/arm-none-eabi/7.3.1/thumb/v7-m/libgcc.a
LOAD /opt/st/stm32cubeide_1.3.0/plugins/com.st.stm32cube.ide.mcu.externaltools.gnu-tools-for-stm32.7-2018-q2-update.linux64_1.0.0.201904181610/tools/bin/../lib/gcc/arm-none-eabi/7.3.1/../../../../arm-none-eabi/lib/thumb/v7-m/libc_nano.a
END GROUP
START GROUP
LOAD /opt/st/stm32cubeide_1.3.0/plugins/com.st.stm32cube.ide.mcu.externaltools.gnu-tools-for-stm32.7-2018-q2-update.linux64_1.0.0.201904181610/tools/bin/../lib/gcc/arm-none-eabi/7.3.1/thumb/v7-m/libgcc.a
LOAD /opt/st/stm32cubeide_1.3.0/plugins/com.st.stm32cube.ide.mcu.externaltools.gnu-tools-for-stm32.7-2018-q2-update.linux64_1.0.0.201904181610/tools/bin/../lib/gcc/arm-none-eabi/7.3.1/../../../../arm-none-eabi/lib/thumb/v7-m/libc_nano.a
END GROUP
LOAD /opt/st/stm32cubeide_1.3.0/plugins/com.st.stm32cube.ide.mcu.externaltools.gnu-tools-for-stm32.7-2018-q2-update.linux64_1.0.0.201904181610/tools/bin/../lib/gcc/arm-none-eabi/7.3.1/thumb/v7-m/crtend.o
LOAD /opt/st/stm32cubeide_1.3.0/plugins/com.st.stm32cube.ide.mcu.externaltools.gnu-tools-for-stm32.7-2018-q2-update.linux64_1.0.0.201904181610/tools/bin/../lib/gcc/arm-none-eabi/7.3.1/thumb/v7-m/crtn.o
                0x0000000020005000                _estack = (ORIGIN (RAM) + LENGTH (RAM))
                0x0000000000000200                _Min_Heap_Size = 0x200
                0x0000000000000400                _Min_Stack_Size = 0x400

.isr_vector     0x0000000008000000      0x10c
                0x0000000008000000                . = ALIGN (0x4)
 *(.isr_vector)
 .isr_vector    0x0000000008000000      0x10c Core/Startup/startup_stm32f103rbtx.o
                0x0000000008000000                g_pfnVectors
                0x000000000800010c                . = ALIGN (0x4)

.text           0x000000000800010c     0x18ac
                0x000000000800010c                . = ALIGN (0x4)
 *(.text)
 .text          0x000000000800010c       0x40 /opt/st/stm32cubeide_1.3.0/plugins/com.st.stm32cube.ide.mcu.externaltools.gnu-tools-for-stm32.7-2018-q2-update.linux64_1.0.0.201904181610/tools/bin/../lib/gcc/arm-none-eabi/7.3.1/thumb/v7-m/crtbegin.o
 *(.text*)
 .text._ZN11BasicButtonC2EtP12GPIO_TypeDef13GPIO_PinState
                0x000000000800014c       0x64 Core/Src/CommonInterface/InputInterface/ButtonsInterface/BasicButton.o
                0x000000000800014c                BasicButton::BasicButton(unsigned short, GPIO_TypeDef*, GPIO_PinState)
                0x000000000800014c                BasicButton::BasicButton(unsigned short, GPIO_TypeDef*, GPIO_PinState)
 .text._ZN11BasicButton9isPressedEv
                0x00000000080001b0       0x78 Core/Src/CommonInterface/InputInterface/ButtonsInterface/BasicButton.o
                0x00000000080001b0                BasicButton::isPressed()
 .text._ZN11BasicButton14hasBeenPressedEv
                0x0000000008000228       0x16 Core/Src/CommonInterface/InputInterface/ButtonsInterface/BasicButton.o
                0x0000000008000228                BasicButton::hasBeenPressed()
 .text._ZN11BasicButton5resetEv
                0x000000000800023e       0x2a Core/Src/CommonInterface/InputInterface/ButtonsInterface/BasicButton.o
                0x000000000800023e                BasicButton::reset()
 .text._ZN15BlueButtonClassC2EtP12GPIO_TypeDef13GPIO_PinState
                0x0000000008000268       0x34 Core/Src/main.o
                0x0000000008000268                BlueButtonClass::BlueButtonClass(unsigned short, GPIO_TypeDef*, GPIO_PinState)
                0x0000000008000268                BlueButtonClass::BlueButtonClass(unsigned short, GPIO_TypeDef*, GPIO_PinState)
 .text.main     0x000000000800029c       0x94 Core/Src/main.o
                0x000000000800029c                main
 .text._Z18SystemClock_Configv
                0x0000000008000330       0x96 Core/Src/main.o
                0x0000000008000330                SystemClock_Config()
 *fill*         0x00000000080003c6        0x2 
 .text._ZL19MX_USART2_UART_Initv
                0x00000000080003c8       0x5c Core/Src/main.o
 .text._ZL12MX_GPIO_Initv
                0x0000000008000424       0xac Core/Src/main.o
 .text.Error_Handler
                0x00000000080004d0        0xc Core/Src/main.o
                0x00000000080004d0                Error_Handler
 .text.HAL_MspInit
                0x00000000080004dc       0x64 Core/Src/stm32f1xx_hal_msp.o
                0x00000000080004dc                HAL_MspInit
 .text.HAL_UART_MspInit
                0x0000000008000540       0x7c Core/Src/stm32f1xx_hal_msp.o
                0x0000000008000540                HAL_UART_MspInit
 .text.NMI_Handler
                0x00000000080005bc        0xc Core/Src/stm32f1xx_it.o
                0x00000000080005bc                NMI_Handler
 .text.HardFault_Handler
                0x00000000080005c8        0x6 Core/Src/stm32f1xx_it.o
                0x00000000080005c8                HardFault_Handler
 .text.MemManage_Handler
                0x00000000080005ce        0x6 Core/Src/stm32f1xx_it.o
                0x00000000080005ce                MemManage_Handler
 .text.BusFault_Handler
                0x00000000080005d4        0x6 Core/Src/stm32f1xx_it.o
                0x00000000080005d4                BusFault_Handler
 .text.UsageFault_Handler
                0x00000000080005da        0x6 Core/Src/stm32f1xx_it.o
                0x00000000080005da                UsageFault_Handler
 .text.SVC_Handler
                0x00000000080005e0        0xc Core/Src/stm32f1xx_it.o
                0x00000000080005e0                SVC_Handler
 .text.DebugMon_Handler
                0x00000000080005ec        0xc Core/Src/stm32f1xx_it.o
                0x00000000080005ec                DebugMon_Handler
 .text.PendSV_Handler
                0x00000000080005f8        0xc Core/Src/stm32f1xx_it.o
                0x00000000080005f8                PendSV_Handler
 .text.SysTick_Handler
                0x0000000008000604        0xc Core/Src/stm32f1xx_it.o
                0x0000000008000604                SysTick_Handler
 .text.EXTI15_10_IRQHandler
                0x0000000008000610       0x10 Core/Src/stm32f1xx_it.o
                0x0000000008000610                EXTI15_10_IRQHandler
 .text.SystemInit
                0x0000000008000620       0x68 Core/Src/system_stm32f1xx.o
                0x0000000008000620                SystemInit
 .text.Reset_Handler
                0x0000000008000688       0x48 Core/Startup/startup_stm32f103rbtx.o
                0x0000000008000688                Reset_Handler
 .text.Default_Handler
                0x00000000080006d0        0x2 Core/Startup/startup_stm32f103rbtx.o
                0x00000000080006d0                RTC_Alarm_IRQHandler
                0x00000000080006d0                EXTI2_IRQHandler
                0x00000000080006d0                TIM1_CC_IRQHandler
                0x00000000080006d0                PVD_IRQHandler
                0x00000000080006d0                EXTI3_IRQHandler
                0x00000000080006d0                EXTI0_IRQHandler
                0x00000000080006d0                I2C2_EV_IRQHandler
                0x00000000080006d0                ADC1_2_IRQHandler
                0x00000000080006d0                SPI1_IRQHandler
                0x00000000080006d0                TAMPER_IRQHandler
                0x00000000080006d0                DMA1_Channel4_IRQHandler
                0x00000000080006d0                USART3_IRQHandler
                0x00000000080006d0                RTC_IRQHandler
                0x00000000080006d0                DMA1_Channel7_IRQHandler
                0x00000000080006d0                CAN1_RX1_IRQHandler
                0x00000000080006d0                TIM4_IRQHandler
                0x00000000080006d0                I2C1_EV_IRQHandler
                0x00000000080006d0                DMA1_Channel6_IRQHandler
                0x00000000080006d0                TIM3_IRQHandler
                0x00000000080006d0                RCC_IRQHandler
                0x00000000080006d0                TIM1_TRG_COM_IRQHandler
                0x00000000080006d0                DMA1_Channel1_IRQHandler
                0x00000000080006d0                Default_Handler
                0x00000000080006d0                EXTI9_5_IRQHandler
                0x00000000080006d0                SPI2_IRQHandler
                0x00000000080006d0                DMA1_Channel5_IRQHandler
                0x00000000080006d0                EXTI4_IRQHandler
                0x00000000080006d0                USB_LP_CAN1_RX0_IRQHandler
                0x00000000080006d0                USB_HP_CAN1_TX_IRQHandler
                0x00000000080006d0                DMA1_Channel3_IRQHandler
                0x00000000080006d0                TIM1_UP_IRQHandler
                0x00000000080006d0                WWDG_IRQHandler
                0x00000000080006d0                TIM2_IRQHandler
                0x00000000080006d0                TIM1_BRK_IRQHandler
                0x00000000080006d0                EXTI1_IRQHandler
                0x00000000080006d0                USART2_IRQHandler
                0x00000000080006d0                I2C2_ER_IRQHandler
                0x00000000080006d0                DMA1_Channel2_IRQHandler
                0x00000000080006d0                CAN1_SCE_IRQHandler
                0x00000000080006d0                FLASH_IRQHandler
                0x00000000080006d0                USART1_IRQHandler
                0x00000000080006d0                I2C1_ER_IRQHandler
                0x00000000080006d0                USBWakeUp_IRQHandler
 *fill*         0x00000000080006d2        0x2 
 .text.HAL_Init
                0x00000000080006d4       0x2c Drivers/STM32F1xx_HAL_Driver/Src/stm32f1xx_hal.o
                0x00000000080006d4                HAL_Init
 .text.HAL_InitTick
                0x0000000008000700       0x60 Drivers/STM32F1xx_HAL_Driver/Src/stm32f1xx_hal.o
                0x0000000008000700                HAL_InitTick
 .text.HAL_IncTick
                0x0000000008000760       0x24 Drivers/STM32F1xx_HAL_Driver/Src/stm32f1xx_hal.o
                0x0000000008000760                HAL_IncTick
 .text.HAL_GetTick
                0x0000000008000784       0x14 Drivers/STM32F1xx_HAL_Driver/Src/stm32f1xx_hal.o
                0x0000000008000784                HAL_GetTick
 .text.HAL_Delay
                0x0000000008000798       0x44 Drivers/STM32F1xx_HAL_Driver/Src/stm32f1xx_hal.o
                0x0000000008000798                HAL_Delay
 .text.__NVIC_SetPriorityGrouping
                0x00000000080007dc       0x48 Drivers/STM32F1xx_HAL_Driver/Src/stm32f1xx_hal_cortex.o
 .text.__NVIC_GetPriorityGrouping
                0x0000000008000824       0x1c Drivers/STM32F1xx_HAL_Driver/Src/stm32f1xx_hal_cortex.o
 .text.__NVIC_SetPriority
                0x0000000008000840       0x54 Drivers/STM32F1xx_HAL_Driver/Src/stm32f1xx_hal_cortex.o
 .text.NVIC_EncodePriority
                0x0000000008000894       0x64 Drivers/STM32F1xx_HAL_Driver/Src/stm32f1xx_hal_cortex.o
 .text.SysTick_Config
                0x00000000080008f8       0x44 Drivers/STM32F1xx_HAL_Driver/Src/stm32f1xx_hal_cortex.o
 .text.HAL_NVIC_SetPriorityGrouping
                0x000000000800093c       0x16 Drivers/STM32F1xx_HAL_Driver/Src/stm32f1xx_hal_cortex.o
                0x000000000800093c                HAL_NVIC_SetPriorityGrouping
 .text.HAL_NVIC_SetPriority
                0x0000000008000952       0x38 Drivers/STM32F1xx_HAL_Driver/Src/stm32f1xx_hal_cortex.o
                0x0000000008000952                HAL_NVIC_SetPriority
 .text.HAL_SYSTICK_Config
                0x000000000800098a       0x18 Drivers/STM32F1xx_HAL_Driver/Src/stm32f1xx_hal_cortex.o
                0x000000000800098a                HAL_SYSTICK_Config
 *fill*         0x00000000080009a2        0x2 
 .text.HAL_GPIO_Init
                0x00000000080009a4      0x2b4 Drivers/STM32F1xx_HAL_Driver/Src/stm32f1xx_hal_gpio.o
                0x00000000080009a4                HAL_GPIO_Init
 .text.HAL_GPIO_ReadPin
                0x0000000008000c58       0x2e Drivers/STM32F1xx_HAL_Driver/Src/stm32f1xx_hal_gpio.o
                0x0000000008000c58                HAL_GPIO_ReadPin
 .text.HAL_GPIO_WritePin
                0x0000000008000c86       0x30 Drivers/STM32F1xx_HAL_Driver/Src/stm32f1xx_hal_gpio.o
                0x0000000008000c86                HAL_GPIO_WritePin
 *fill*         0x0000000008000cb6        0x2 
 .text.HAL_GPIO_EXTI_IRQHandler
                0x0000000008000cb8       0x30 Drivers/STM32F1xx_HAL_Driver/Src/stm32f1xx_hal_gpio.o
                0x0000000008000cb8                HAL_GPIO_EXTI_IRQHandler
 .text.HAL_GPIO_EXTI_Callback
                0x0000000008000ce8       0x14 Drivers/STM32F1xx_HAL_Driver/Src/stm32f1xx_hal_gpio.o
                0x0000000008000ce8                HAL_GPIO_EXTI_Callback
 .text.HAL_RCC_OscConfig
                0x0000000008000cfc      0x500 Drivers/STM32F1xx_HAL_Driver/Src/stm32f1xx_hal_rcc.o
                0x0000000008000cfc                HAL_RCC_OscConfig
 .text.HAL_RCC_ClockConfig
                0x00000000080011fc      0x1d4 Drivers/STM32F1xx_HAL_Driver/Src/stm32f1xx_hal_rcc.o
                0x00000000080011fc                HAL_RCC_ClockConfig
 .text.HAL_RCC_GetSysClockFreq
                0x00000000080013d0       0xc4 Drivers/STM32F1xx_HAL_Driver/Src/stm32f1xx_hal_rcc.o
                0x00000000080013d0                HAL_RCC_GetSysClockFreq
 .text.HAL_RCC_GetHCLKFreq
                0x0000000008001494       0x14 Drivers/STM32F1xx_HAL_Driver/Src/stm32f1xx_hal_rcc.o
                0x0000000008001494                HAL_RCC_GetHCLKFreq
 .text.HAL_RCC_GetPCLK1Freq
                0x00000000080014a8       0x28 Drivers/STM32F1xx_HAL_Driver/Src/stm32f1xx_hal_rcc.o
                0x00000000080014a8                HAL_RCC_GetPCLK1Freq
 .text.HAL_RCC_GetPCLK2Freq
                0x00000000080014d0       0x28 Drivers/STM32F1xx_HAL_Driver/Src/stm32f1xx_hal_rcc.o
                0x00000000080014d0                HAL_RCC_GetPCLK2Freq
 .text.RCC_Delay
                0x00000000080014f8       0x3c Drivers/STM32F1xx_HAL_Driver/Src/stm32f1xx_hal_rcc.o
 .text.HAL_UART_Init
                0x0000000008001534       0x9a Drivers/STM32F1xx_HAL_Driver/Src/stm32f1xx_hal_uart.o
                0x0000000008001534                HAL_UART_Init
 .text.HAL_UART_Transmit
                0x00000000080015ce      0x132 Drivers/STM32F1xx_HAL_Driver/Src/stm32f1xx_hal_uart.o
                0x00000000080015ce                HAL_UART_Transmit
 .text.UART_WaitOnFlagUntilTimeout
                0x0000000008001700       0x94 Drivers/STM32F1xx_HAL_Driver/Src/stm32f1xx_hal_uart.o
 .text.UART_SetConfig
                0x0000000008001794      0x1b4 Drivers/STM32F1xx_HAL_Driver/Src/stm32f1xx_hal_uart.o
 .text.__libc_init_array
                0x0000000008001948       0x48 /opt/st/stm32cubeide_1.3.0/plugins/com.st.stm32cube.ide.mcu.externaltools.gnu-tools-for-stm32.7-2018-q2-update.linux64_1.0.0.201904181610/tools/bin/../lib/gcc/arm-none-eabi/7.3.1/../../../../arm-none-eabi/lib/thumb/v7-m/libc_nano.a(lib_a-init.o)
                0x0000000008001948                __libc_init_array
 .text.memset   0x0000000008001990       0x10 /opt/st/stm32cubeide_1.3.0/plugins/com.st.stm32cube.ide.mcu.externaltools.gnu-tools-for-stm32.7-2018-q2-update.linux64_1.0.0.201904181610/tools/bin/../lib/gcc/arm-none-eabi/7.3.1/../../../../arm-none-eabi/lib/thumb/v7-m/libc_nano.a(lib_a-memset.o)
                0x0000000008001990                memset
 *(.glue_7)
 .glue_7        0x00000000080019a0        0x0 linker stubs
 *(.glue_7t)
 .glue_7t       0x00000000080019a0        0x0 linker stubs
 *(.eh_frame)
 .eh_frame      0x00000000080019a0        0x0 /opt/st/stm32cubeide_1.3.0/plugins/com.st.stm32cube.ide.mcu.externaltools.gnu-tools-for-stm32.7-2018-q2-update.linux64_1.0.0.201904181610/tools/bin/../lib/gcc/arm-none-eabi/7.3.1/thumb/v7-m/crtbegin.o
 *(.init)
 .init          0x00000000080019a0        0x4 /opt/st/stm32cubeide_1.3.0/plugins/com.st.stm32cube.ide.mcu.externaltools.gnu-tools-for-stm32.7-2018-q2-update.linux64_1.0.0.201904181610/tools/bin/../lib/gcc/arm-none-eabi/7.3.1/thumb/v7-m/crti.o
                0x00000000080019a0                _init
 .init          0x00000000080019a4        0x8 /opt/st/stm32cubeide_1.3.0/plugins/com.st.stm32cube.ide.mcu.externaltools.gnu-tools-for-stm32.7-2018-q2-update.linux64_1.0.0.201904181610/tools/bin/../lib/gcc/arm-none-eabi/7.3.1/thumb/v7-m/crtn.o
 *(.fini)
 .fini          0x00000000080019ac        0x4 /opt/st/stm32cubeide_1.3.0/plugins/com.st.stm32cube.ide.mcu.externaltools.gnu-tools-for-stm32.7-2018-q2-update.linux64_1.0.0.201904181610/tools/bin/../lib/gcc/arm-none-eabi/7.3.1/thumb/v7-m/crti.o
                0x00000000080019ac                _fini
 .fini          0x00000000080019b0        0x8 /opt/st/stm32cubeide_1.3.0/plugins/com.st.stm32cube.ide.mcu.externaltools.gnu-tools-for-stm32.7-2018-q2-update.linux64_1.0.0.201904181610/tools/bin/../lib/gcc/arm-none-eabi/7.3.1/thumb/v7-m/crtn.o
                0x00000000080019b8                . = ALIGN (0x4)
                0x00000000080019b8                _etext = .

.vfp11_veneer   0x00000000080019b8        0x0
 .vfp11_veneer  0x00000000080019b8        0x0 linker stubs

.v4_bx          0x00000000080019b8        0x0
 .v4_bx         0x00000000080019b8        0x0 linker stubs

.iplt           0x00000000080019b8        0x0
 .iplt          0x00000000080019b8        0x0 /opt/st/stm32cubeide_1.3.0/plugins/com.st.stm32cube.ide.mcu.externaltools.gnu-tools-for-stm32.7-2018-q2-update.linux64_1.0.0.201904181610/tools/bin/../lib/gcc/arm-none-eabi/7.3.1/thumb/v7-m/crtbegin.o

.rodata         0x00000000080019b8       0x88
                0x00000000080019b8                . = ALIGN (0x4)
 *(.rodata)
 .rodata        0x00000000080019b8       0x32 Core/Src/main.o
 *fill*         0x00000000080019ea        0x2 
 .rodata        0x00000000080019ec       0x12 Drivers/STM32F1xx_HAL_Driver/Src/stm32f1xx_hal_rcc.o
 *(.rodata*)
 *fill*         0x00000000080019fe        0x2 
 .rodata._ZTV11BasicButton
                0x0000000008001a00       0x14 Core/Src/CommonInterface/InputInterface/ButtonsInterface/BasicButton.o
                0x0000000008001a00                vtable for BasicButton
 .rodata._ZTV15BlueButtonClass
                0x0000000008001a14       0x14 Core/Src/main.o
                0x0000000008001a14                vtable for BlueButtonClass
 .rodata.AHBPrescTable
                0x0000000008001a28       0x10 Core/Src/system_stm32f1xx.o
                0x0000000008001a28                AHBPrescTable
 .rodata.APBPrescTable
                0x0000000008001a38        0x8 Core/Src/system_stm32f1xx.o
                0x0000000008001a38                APBPrescTable
                0x0000000008001a40                . = ALIGN (0x4)

.rel.dyn        0x0000000008001a40        0x0
 .rel.iplt      0x0000000008001a40        0x0 /opt/st/stm32cubeide_1.3.0/plugins/com.st.stm32cube.ide.mcu.externaltools.gnu-tools-for-stm32.7-2018-q2-update.linux64_1.0.0.201904181610/tools/bin/../lib/gcc/arm-none-eabi/7.3.1/thumb/v7-m/crtbegin.o

.ARM.extab      0x0000000008001a40        0x0
                0x0000000008001a40                . = ALIGN (0x4)
 *(.ARM.extab* .gnu.linkonce.armextab.*)
                0x0000000008001a40                . = ALIGN (0x4)

.ARM            0x0000000008001a40        0x0
                0x0000000008001a40                . = ALIGN (0x4)
                0x0000000008001a40                __exidx_start = .
 *(.ARM.exidx*)
                0x0000000008001a40                __exidx_end = .
                0x0000000008001a40                . = ALIGN (0x4)

.preinit_array  0x0000000008001a40        0x0
                0x0000000008001a40                . = ALIGN (0x4)
                0x0000000008001a40                PROVIDE (__preinit_array_start = .)
 *(.preinit_array*)
                0x0000000008001a40                PROVIDE (__preinit_array_end = .)
                0x0000000008001a40                . = ALIGN (0x4)

.init_array     0x0000000008001a40        0x4
                0x0000000008001a40                . = ALIGN (0x4)
                0x0000000008001a40                PROVIDE (__init_array_start = .)
 *(SORT_BY_NAME(.init_array.*))
 *(.init_array*)
 .init_array    0x0000000008001a40        0x4 /opt/st/stm32cubeide_1.3.0/plugins/com.st.stm32cube.ide.mcu.externaltools.gnu-tools-for-stm32.7-2018-q2-update.linux64_1.0.0.201904181610/tools/bin/../lib/gcc/arm-none-eabi/7.3.1/thumb/v7-m/crtbegin.o
                0x0000000008001a44                PROVIDE (__init_array_end = .)
                0x0000000008001a44                . = ALIGN (0x4)

.fini_array     0x0000000008001a44        0x4
                0x0000000008001a44                . = ALIGN (0x4)
                [!provide]                        PROVIDE (__fini_array_start = .)
 *(SORT_BY_NAME(.fini_array.*))
 *(.fini_array*)
 .fini_array    0x0000000008001a44        0x4 /opt/st/stm32cubeide_1.3.0/plugins/com.st.stm32cube.ide.mcu.externaltools.gnu-tools-for-stm32.7-2018-q2-update.linux64_1.0.0.201904181610/tools/bin/../lib/gcc/arm-none-eabi/7.3.1/thumb/v7-m/crtbegin.o
                [!provide]                        PROVIDE (__fini_array_end = .)
                0x0000000008001a48                . = ALIGN (0x4)
                0x0000000008001a48                _sidata = LOADADDR (.data)

.data           0x0000000020000000        0xc load address 0x0000000008001a48
                0x0000000020000000                . = ALIGN (0x4)
                0x0000000020000000                _sdata = .
 *(.data)
 *(.data*)
 .data.SystemCoreClock
                0x0000000020000000        0x4 Core/Src/system_stm32f1xx.o
                0x0000000020000000                SystemCoreClock
 .data.uwTickPrio
                0x0000000020000004        0x4 Drivers/STM32F1xx_HAL_Driver/Src/stm32f1xx_hal.o
                0x0000000020000004                uwTickPrio
 .data.uwTickFreq
                0x0000000020000008        0x1 Drivers/STM32F1xx_HAL_Driver/Src/stm32f1xx_hal.o
                0x0000000020000008                uwTickFreq
                0x000000002000000c                . = ALIGN (0x4)
 *fill*         0x0000000020000009        0x3 
                0x000000002000000c                _edata = .

.igot.plt       0x000000002000000c        0x0 load address 0x0000000008001a54
 .igot.plt      0x000000002000000c        0x0 /opt/st/stm32cubeide_1.3.0/plugins/com.st.stm32cube.ide.mcu.externaltools.gnu-tools-for-stm32.7-2018-q2-update.linux64_1.0.0.201904181610/tools/bin/../lib/gcc/arm-none-eabi/7.3.1/thumb/v7-m/crtbegin.o
                0x000000002000000c                . = ALIGN (0x4)

.bss            0x000000002000000c       0x60 load address 0x0000000008001a54
                0x000000002000000c                _sbss = .
                0x000000002000000c                __bss_start__ = _sbss
 *(.bss)
 .bss           0x000000002000000c       0x1c /opt/st/stm32cubeide_1.3.0/plugins/com.st.stm32cube.ide.mcu.externaltools.gnu-tools-for-stm32.7-2018-q2-update.linux64_1.0.0.201904181610/tools/bin/../lib/gcc/arm-none-eabi/7.3.1/thumb/v7-m/crtbegin.o
 *(.bss*)
 .bss.huart2    0x0000000020000028       0x40 Core/Src/main.o
                0x0000000020000028                huart2
 *(COMMON)
 COMMON         0x0000000020000068        0x4 Drivers/STM32F1xx_HAL_Driver/Src/stm32f1xx_hal.o
                0x0000000020000068                uwTick
                0x000000002000006c                . = ALIGN (0x4)
                0x000000002000006c                _ebss = .
                0x000000002000006c                __bss_end__ = _ebss

._user_heap_stack
                0x000000002000006c      0x604 load address 0x0000000008001a54
                0x0000000020000070                . = ALIGN (0x8)
 *fill*         0x000000002000006c        0x4 
                0x0000000020000070                PROVIDE (end = .)
                [!provide]                        PROVIDE (_end = .)
                0x0000000020000270                . = (. + _Min_Heap_Size)
 *fill*         0x0000000020000070      0x200 
                0x0000000020000670                . = (. + _Min_Stack_Size)
 *fill*         0x0000000020000270      0x400 
                0x0000000020000670                . = ALIGN (0x8)

/DISCARD/
 libc.a(*)
 libm.a(*)
 libgcc.a(*)

.ARM.attributes
                0x0000000000000000       0x29
 *(.ARM.attributes)
 .ARM.attributes
                0x0000000000000000       0x1d /opt/st/stm32cubeide_1.3.0/plugins/com.st.stm32cube.ide.mcu.externaltools.gnu-tools-for-stm32.7-2018-q2-update.linux64_1.0.0.201904181610/tools/bin/../lib/gcc/arm-none-eabi/7.3.1/thumb/v7-m/crti.o
 .ARM.attributes
                0x000000000000001d       0x2d /opt/st/stm32cubeide_1.3.0/plugins/com.st.stm32cube.ide.mcu.externaltools.gnu-tools-for-stm32.7-2018-q2-update.linux64_1.0.0.201904181610/tools/bin/../lib/gcc/arm-none-eabi/7.3.1/thumb/v7-m/crtbegin.o
 .ARM.attributes
                0x000000000000004a       0x33 Core/Src/CommonInterface/InputInterface/ButtonsInterface/BasicButton.o
 .ARM.attributes
                0x000000000000007d       0x33 Core/Src/main.o
 .ARM.attributes
                0x00000000000000b0       0x33 Core/Src/stm32f1xx_hal_msp.o
 .ARM.attributes
                0x00000000000000e3       0x33 Core/Src/stm32f1xx_it.o
 .ARM.attributes
                0x0000000000000116       0x33 Core/Src/system_stm32f1xx.o
 .ARM.attributes
                0x0000000000000149       0x21 Core/Startup/startup_stm32f103rbtx.o
 .ARM.attributes
                0x000000000000016a       0x33 Drivers/STM32F1xx_HAL_Driver/Src/stm32f1xx_hal.o
 .ARM.attributes
                0x000000000000019d       0x33 Drivers/STM32F1xx_HAL_Driver/Src/stm32f1xx_hal_cortex.o
 .ARM.attributes
                0x00000000000001d0       0x33 Drivers/STM32F1xx_HAL_Driver/Src/stm32f1xx_hal_gpio.o
 .ARM.attributes
                0x0000000000000203       0x33 Drivers/STM32F1xx_HAL_Driver/Src/stm32f1xx_hal_rcc.o
 .ARM.attributes
                0x0000000000000236       0x33 Drivers/STM32F1xx_HAL_Driver/Src/stm32f1xx_hal_uart.o
 .ARM.attributes
                0x0000000000000269       0x2d /opt/st/stm32cubeide_1.3.0/plugins/com.st.stm32cube.ide.mcu.externaltools.gnu-tools-for-stm32.7-2018-q2-update.linux64_1.0.0.201904181610/tools/bin/../lib/gcc/arm-none-eabi/7.3.1/../../../../arm-none-eabi/lib/thumb/v7-m/libc_nano.a(lib_a-init.o)
 .ARM.attributes
                0x0000000000000296       0x2d /opt/st/stm32cubeide_1.3.0/plugins/com.st.stm32cube.ide.mcu.externaltools.gnu-tools-for-stm32.7-2018-q2-update.linux64_1.0.0.201904181610/tools/bin/../lib/gcc/arm-none-eabi/7.3.1/../../../../arm-none-eabi/lib/thumb/v7-m/libc_nano.a(lib_a-memset.o)
 .ARM.attributes
                0x00000000000002c3       0x1d /opt/st/stm32cubeide_1.3.0/plugins/com.st.stm32cube.ide.mcu.externaltools.gnu-tools-for-stm32.7-2018-q2-update.linux64_1.0.0.201904181610/tools/bin/../lib/gcc/arm-none-eabi/7.3.1/thumb/v7-m/crtn.o
OUTPUT(STM_Basics.elf elf32-littlearm)

.debug_info     0x0000000000000000     0x5ade
 .debug_info    0x0000000000000000      0x5e8 Core/Src/CommonInterface/InputInterface/ButtonsInterface/BasicButton.o
 .debug_info    0x00000000000005e8     0x13ad Core/Src/main.o
 .debug_info    0x0000000000001995      0x827 Core/Src/stm32f1xx_hal_msp.o
 .debug_info    0x00000000000021bc      0x221 Core/Src/stm32f1xx_it.o
 .debug_info    0x00000000000023dd      0x433 Core/Src/system_stm32f1xx.o
 .debug_info    0x0000000000002810       0x22 Core/Startup/startup_stm32f103rbtx.o
 .debug_info    0x0000000000002832      0x6fe Drivers/STM32F1xx_HAL_Driver/Src/stm32f1xx_hal.o
 .debug_info    0x0000000000002f30      0xb46 Drivers/STM32F1xx_HAL_Driver/Src/stm32f1xx_hal_cortex.o
 .debug_info    0x0000000000003a76      0x681 Drivers/STM32F1xx_HAL_Driver/Src/stm32f1xx_hal_gpio.o
 .debug_info    0x00000000000040f7      0x804 Drivers/STM32F1xx_HAL_Driver/Src/stm32f1xx_hal_rcc.o
 .debug_info    0x00000000000048fb     0x11e3 Drivers/STM32F1xx_HAL_Driver/Src/stm32f1xx_hal_uart.o

.debug_abbrev   0x0000000000000000     0x1459
 .debug_abbrev  0x0000000000000000      0x2ce Core/Src/CommonInterface/InputInterface/ButtonsInterface/BasicButton.o
 .debug_abbrev  0x00000000000002ce      0x301 Core/Src/main.o
 .debug_abbrev  0x00000000000005cf      0x18c Core/Src/stm32f1xx_hal_msp.o
 .debug_abbrev  0x000000000000075b       0xc6 Core/Src/stm32f1xx_it.o
 .debug_abbrev  0x0000000000000821      0x134 Core/Src/system_stm32f1xx.o
 .debug_abbrev  0x0000000000000955       0x12 Core/Startup/startup_stm32f103rbtx.o
 .debug_abbrev  0x0000000000000967      0x1d8 Drivers/STM32F1xx_HAL_Driver/Src/stm32f1xx_hal.o
 .debug_abbrev  0x0000000000000b3f      0x2d5 Drivers/STM32F1xx_HAL_Driver/Src/stm32f1xx_hal_cortex.o
 .debug_abbrev  0x0000000000000e14      0x1c0 Drivers/STM32F1xx_HAL_Driver/Src/stm32f1xx_hal_gpio.o
 .debug_abbrev  0x0000000000000fd4      0x243 Drivers/STM32F1xx_HAL_Driver/Src/stm32f1xx_hal_rcc.o
 .debug_abbrev  0x0000000000001217      0x242 Drivers/STM32F1xx_HAL_Driver/Src/stm32f1xx_hal_uart.o

.debug_aranges  0x0000000000000000      0x618
 .debug_aranges
                0x0000000000000000       0x50 Core/Src/CommonInterface/InputInterface/ButtonsInterface/BasicButton.o
 .debug_aranges
                0x0000000000000050       0x48 Core/Src/main.o
 .debug_aranges
                0x0000000000000098       0x30 Core/Src/stm32f1xx_hal_msp.o
 .debug_aranges
                0x00000000000000c8       0x68 Core/Src/stm32f1xx_it.o
 .debug_aranges
                0x0000000000000130       0x28 Core/Src/system_stm32f1xx.o
 .debug_aranges
                0x0000000000000158       0x28 Core/Startup/startup_stm32f103rbtx.o
 .debug_aranges
                0x0000000000000180       0xe0 Drivers/STM32F1xx_HAL_Driver/Src/stm32f1xx_hal.o
 .debug_aranges
                0x0000000000000260      0x100 Drivers/STM32F1xx_HAL_Driver/Src/stm32f1xx_hal_cortex.o
 .debug_aranges
                0x0000000000000360       0x58 Drivers/STM32F1xx_HAL_Driver/Src/stm32f1xx_hal_gpio.o
 .debug_aranges
                0x00000000000003b8       0x90 Drivers/STM32F1xx_HAL_Driver/Src/stm32f1xx_hal_rcc.o
 .debug_aranges
                0x0000000000000448      0x1d0 Drivers/STM32F1xx_HAL_Driver/Src/stm32f1xx_hal_uart.o

.debug_ranges   0x0000000000000000      0x570
 .debug_ranges  0x0000000000000000       0x40 Core/Src/CommonInterface/InputInterface/ButtonsInterface/BasicButton.o
 .debug_ranges  0x0000000000000040       0x38 Core/Src/main.o
 .debug_ranges  0x0000000000000078       0x20 Core/Src/stm32f1xx_hal_msp.o
 .debug_ranges  0x0000000000000098       0x58 Core/Src/stm32f1xx_it.o
 .debug_ranges  0x00000000000000f0       0x18 Core/Src/system_stm32f1xx.o
 .debug_ranges  0x0000000000000108       0x20 Core/Startup/startup_stm32f103rbtx.o
 .debug_ranges  0x0000000000000128       0xd0 Drivers/STM32F1xx_HAL_Driver/Src/stm32f1xx_hal.o
 .debug_ranges  0x00000000000001f8       0xf0 Drivers/STM32F1xx_HAL_Driver/Src/stm32f1xx_hal_cortex.o
 .debug_ranges  0x00000000000002e8       0x48 Drivers/STM32F1xx_HAL_Driver/Src/stm32f1xx_hal_gpio.o
 .debug_ranges  0x0000000000000330       0x80 Drivers/STM32F1xx_HAL_Driver/Src/stm32f1xx_hal_rcc.o
 .debug_ranges  0x00000000000003b0      0x1c0 Drivers/STM32F1xx_HAL_Driver/Src/stm32f1xx_hal_uart.o

.debug_macro    0x0000000000000000    0x14fcc
 .debug_macro   0x0000000000000000      0x194 Core/Src/CommonInterface/InputInterface/ButtonsInterface/BasicButton.o
 .debug_macro   0x0000000000000194      0xb2c Core/Src/CommonInterface/InputInterface/ButtonsInterface/BasicButton.o
 .debug_macro   0x0000000000000cc0       0x1c Core/Src/CommonInterface/InputInterface/ButtonsInterface/BasicButton.o
 .debug_macro   0x0000000000000cdc       0x22 Core/Src/CommonInterface/InputInterface/ButtonsInterface/BasicButton.o
 .debug_macro   0x0000000000000cfe       0x8e Core/Src/CommonInterface/InputInterface/ButtonsInterface/BasicButton.o
 .debug_macro   0x0000000000000d8c       0x51 Core/Src/CommonInterface/InputInterface/ButtonsInterface/BasicButton.o
 .debug_macro   0x0000000000000ddd       0xef Core/Src/CommonInterface/InputInterface/ButtonsInterface/BasicButton.o
 .debug_macro   0x0000000000000ecc       0x6a Core/Src/CommonInterface/InputInterface/ButtonsInterface/BasicButton.o
 .debug_macro   0x0000000000000f36      0x1df Core/Src/CommonInterface/InputInterface/ButtonsInterface/BasicButton.o
 .debug_macro   0x0000000000001115      0x215 Core/Src/CommonInterface/InputInterface/ButtonsInterface/BasicButton.o
 .debug_macro   0x000000000000132a       0x2e Core/Src/CommonInterface/InputInterface/ButtonsInterface/BasicButton.o
 .debug_macro   0x0000000000001358       0x22 Core/Src/CommonInterface/InputInterface/ButtonsInterface/BasicButton.o
 .debug_macro   0x000000000000137a       0x1c Core/Src/CommonInterface/InputInterface/ButtonsInterface/BasicButton.o
 .debug_macro   0x0000000000001396       0x22 Core/Src/CommonInterface/InputInterface/ButtonsInterface/BasicButton.o
 .debug_macro   0x00000000000013b8       0xc3 Core/Src/CommonInterface/InputInterface/ButtonsInterface/BasicButton.o
 .debug_macro   0x000000000000147b      0xd23 Core/Src/CommonInterface/InputInterface/ButtonsInterface/BasicButton.o
 .debug_macro   0x000000000000219e     0xe09e Core/Src/CommonInterface/InputInterface/ButtonsInterface/BasicButton.o
 .debug_macro   0x000000000001023c       0x43 Core/Src/CommonInterface/InputInterface/ButtonsInterface/BasicButton.o
 .debug_macro   0x000000000001027f      0x17b Core/Src/CommonInterface/InputInterface/ButtonsInterface/BasicButton.o
 .debug_macro   0x00000000000103fa       0x5a Core/Src/CommonInterface/InputInterface/ButtonsInterface/BasicButton.o
 .debug_macro   0x0000000000010454      0x5be Core/Src/CommonInterface/InputInterface/ButtonsInterface/BasicButton.o
 .debug_macro   0x0000000000010a12      0x289 Core/Src/CommonInterface/InputInterface/ButtonsInterface/BasicButton.o
 .debug_macro   0x0000000000010c9b      0x1cb Core/Src/CommonInterface/InputInterface/ButtonsInterface/BasicButton.o
 .debug_macro   0x0000000000010e66      0x114 Core/Src/CommonInterface/InputInterface/ButtonsInterface/BasicButton.o
 .debug_macro   0x0000000000010f7a      0x1b2 Core/Src/CommonInterface/InputInterface/ButtonsInterface/BasicButton.o
 .debug_macro   0x000000000001112c       0x27 Core/Src/CommonInterface/InputInterface/ButtonsInterface/BasicButton.o
 .debug_macro   0x0000000000011153      0x136 Core/Src/CommonInterface/InputInterface/ButtonsInterface/BasicButton.o
 .debug_macro   0x0000000000011289      0x1bc Core/Src/CommonInterface/InputInterface/ButtonsInterface/BasicButton.o
 .debug_macro   0x0000000000011445       0x34 Core/Src/CommonInterface/InputInterface/ButtonsInterface/BasicButton.o
 .debug_macro   0x0000000000011479       0x3c Core/Src/CommonInterface/InputInterface/ButtonsInterface/BasicButton.o
 .debug_macro   0x00000000000114b5       0x57 Core/Src/CommonInterface/InputInterface/ButtonsInterface/BasicButton.o
 .debug_macro   0x000000000001150c       0x88 Core/Src/CommonInterface/InputInterface/ButtonsInterface/BasicButton.o
 .debug_macro   0x0000000000011594      0x241 Core/Src/CommonInterface/InputInterface/ButtonsInterface/BasicButton.o
 .debug_macro   0x00000000000117d5      0x141 Core/Src/CommonInterface/InputInterface/ButtonsInterface/BasicButton.o
 .debug_macro   0x0000000000011916      0x26b Core/Src/CommonInterface/InputInterface/ButtonsInterface/BasicButton.o
 .debug_macro   0x0000000000011b81       0x83 Core/Src/CommonInterface/InputInterface/ButtonsInterface/BasicButton.o
 .debug_macro   0x0000000000011c04      0x309 Core/Src/main.o
 .debug_macro   0x0000000000011f0d       0x5e Core/Src/main.o
 .debug_macro   0x0000000000011f6b       0x46 Core/Src/main.o
 .debug_macro   0x0000000000011fb1       0x18 Core/Src/main.o
 .debug_macro   0x0000000000011fc9       0x3c Core/Src/main.o
 .debug_macro   0x0000000000012005       0x34 Core/Src/main.o
 .debug_macro   0x0000000000012039       0x16 Core/Src/main.o
 .debug_macro   0x000000000001204f       0x35 Core/Src/main.o
 .debug_macro   0x0000000000012084      0x34d Core/Src/main.o
 .debug_macro   0x00000000000123d1       0x10 Core/Src/main.o
 .debug_macro   0x00000000000123e1       0x52 Core/Src/main.o
 .debug_macro   0x0000000000012433       0x1f Core/Src/main.o
 .debug_macro   0x0000000000012452       0x43 Core/Src/main.o
 .debug_macro   0x0000000000012495       0x20 Core/Src/main.o
 .debug_macro   0x00000000000124b5      0x1a3 Core/Src/main.o
 .debug_macro   0x0000000000012658       0x10 Core/Src/main.o
 .debug_macro   0x0000000000012668       0x1c Core/Src/main.o
 .debug_macro   0x0000000000012684       0x52 Core/Src/main.o
 .debug_macro   0x00000000000126d6       0x40 Core/Src/main.o
 .debug_macro   0x0000000000012716       0x10 Core/Src/main.o
 .debug_macro   0x0000000000012726       0x40 Core/Src/main.o
 .debug_macro   0x0000000000012766       0xd7 Core/Src/main.o
 .debug_macro   0x000000000001283d       0x1c Core/Src/main.o
 .debug_macro   0x0000000000012859       0x3d Core/Src/main.o
 .debug_macro   0x0000000000012896       0x16 Core/Src/main.o
 .debug_macro   0x00000000000128ac      0x137 Core/Src/main.o
 .debug_macro   0x00000000000129e3      0x194 Core/Src/stm32f1xx_hal_msp.o
 .debug_macro   0x0000000000012b77      0xa5a Core/Src/stm32f1xx_hal_msp.o
 .debug_macro   0x00000000000135d1      0xd23 Core/Src/stm32f1xx_hal_msp.o
 .debug_macro   0x00000000000142f4      0x174 Core/Src/stm32f1xx_hal_msp.o
 .debug_macro   0x0000000000014468      0x19e Core/Src/stm32f1xx_it.o
 .debug_macro   0x0000000000014606      0x18b Core/Src/system_stm32f1xx.o
 .debug_macro   0x0000000000014791      0x1a9 Drivers/STM32F1xx_HAL_Driver/Src/stm32f1xx_hal.o
 .debug_macro   0x000000000001493a      0x185 Drivers/STM32F1xx_HAL_Driver/Src/stm32f1xx_hal_cortex.o
 .debug_macro   0x0000000000014abf      0x1f0 Drivers/STM32F1xx_HAL_Driver/Src/stm32f1xx_hal_gpio.o
 .debug_macro   0x0000000000014caf      0x197 Drivers/STM32F1xx_HAL_Driver/Src/stm32f1xx_hal_rcc.o
 .debug_macro   0x0000000000014e46      0x186 Drivers/STM32F1xx_HAL_Driver/Src/stm32f1xx_hal_uart.o

.debug_line     0x0000000000000000     0x520a
 .debug_line    0x0000000000000000      0x68f Core/Src/CommonInterface/InputInterface/ButtonsInterface/BasicButton.o
 .debug_line    0x000000000000068f      0x8f7 Core/Src/main.o
 .debug_line    0x0000000000000f86      0x60f Core/Src/stm32f1xx_hal_msp.o
 .debug_line    0x0000000000001595      0x697 Core/Src/stm32f1xx_it.o
 .debug_line    0x0000000000001c2c      0x612 Core/Src/system_stm32f1xx.o
 .debug_line    0x000000000000223e       0x84 Core/Startup/startup_stm32f103rbtx.o
 .debug_line    0x00000000000022c2      0x7ba Drivers/STM32F1xx_HAL_Driver/Src/stm32f1xx_hal.o
 .debug_line    0x0000000000002a7c      0x893 Drivers/STM32F1xx_HAL_Driver/Src/stm32f1xx_hal_cortex.o
 .debug_line    0x000000000000330f      0x7ba Drivers/STM32F1xx_HAL_Driver/Src/stm32f1xx_hal_gpio.o
 .debug_line    0x0000000000003ac9      0x87c Drivers/STM32F1xx_HAL_Driver/Src/stm32f1xx_hal_rcc.o
 .debug_line    0x0000000000004345      0xec5 Drivers/STM32F1xx_HAL_Driver/Src/stm32f1xx_hal_uart.o

.debug_str      0x0000000000000000    0x6acfa
 .debug_str     0x0000000000000000    0x64cab Core/Src/CommonInterface/InputInterface/ButtonsInterface/BasicButton.o
                                      0x64fcc (size before relaxing)
 .debug_str     0x0000000000064cab     0x48e2 Core/Src/main.o
                                      0x697d7 (size before relaxing)
 .debug_str     0x000000000006958d      0x23e Core/Src/stm32f1xx_hal_msp.o
                                      0x64d81 (size before relaxing)
 .debug_str     0x00000000000697cb       0xd2 Core/Src/stm32f1xx_it.o
                                      0x649bf (size before relaxing)
 .debug_str     0x000000000006989d       0xc2 Core/Src/system_stm32f1xx.o
                                      0x6489e (size before relaxing)
 .debug_str     0x000000000006995f       0x36 Core/Startup/startup_stm32f103rbtx.o
                                         0x75 (size before relaxing)
 .debug_str     0x0000000000069995      0x608 Drivers/STM32F1xx_HAL_Driver/Src/stm32f1xx_hal.o
                                      0x64eaf (size before relaxing)
 .debug_str     0x0000000000069f9d      0x2c8 Drivers/STM32F1xx_HAL_Driver/Src/stm32f1xx_hal_cortex.o
                                      0x64ebd (size before relaxing)
 .debug_str     0x000000000006a265      0x316 Drivers/STM32F1xx_HAL_Driver/Src/stm32f1xx_hal_gpio.o
                                      0x64be8 (size before relaxing)
 .debug_str     0x000000000006a57b      0x258 Drivers/STM32F1xx_HAL_Driver/Src/stm32f1xx_hal_rcc.o
                                      0x64c21 (size before relaxing)
 .debug_str     0x000000000006a7d3      0x527 Drivers/STM32F1xx_HAL_Driver/Src/stm32f1xx_hal_uart.o
                                      0x65110 (size before relaxing)

.comment        0x0000000000000000       0x7b
 .comment       0x0000000000000000       0x7b Core/Src/CommonInterface/InputInterface/ButtonsInterface/BasicButton.o
                                         0x7c (size before relaxing)
 .comment       0x000000000000007b       0x7c Core/Src/main.o
 .comment       0x000000000000007b       0x7c Core/Src/stm32f1xx_hal_msp.o
 .comment       0x000000000000007b       0x7c Core/Src/stm32f1xx_it.o
 .comment       0x000000000000007b       0x7c Core/Src/system_stm32f1xx.o
 .comment       0x000000000000007b       0x7c Drivers/STM32F1xx_HAL_Driver/Src/stm32f1xx_hal.o
 .comment       0x000000000000007b       0x7c Drivers/STM32F1xx_HAL_Driver/Src/stm32f1xx_hal_cortex.o
 .comment       0x000000000000007b       0x7c Drivers/STM32F1xx_HAL_Driver/Src/stm32f1xx_hal_gpio.o
 .comment       0x000000000000007b       0x7c Drivers/STM32F1xx_HAL_Driver/Src/stm32f1xx_hal_rcc.o
 .comment       0x000000000000007b       0x7c Drivers/STM32F1xx_HAL_Driver/Src/stm32f1xx_hal_uart.o

.debug_frame    0x0000000000000000     0x1744
 .debug_frame   0x0000000000000000      0x124 Core/Src/CommonInterface/InputInterface/ButtonsInterface/BasicButton.o
 .debug_frame   0x0000000000000124       0xdc Core/Src/main.o
 .debug_frame   0x0000000000000200       0x80 Core/Src/stm32f1xx_hal_msp.o
 .debug_frame   0x0000000000000280      0x128 Core/Src/stm32f1xx_it.o
 .debug_frame   0x00000000000003a8       0x58 Core/Src/system_stm32f1xx.o
 .debug_frame   0x0000000000000400      0x334 Drivers/STM32F1xx_HAL_Driver/Src/stm32f1xx_hal.o
 .debug_frame   0x0000000000000734      0x428 Drivers/STM32F1xx_HAL_Driver/Src/stm32f1xx_hal_cortex.o
 .debug_frame   0x0000000000000b5c      0x14c Drivers/STM32F1xx_HAL_Driver/Src/stm32f1xx_hal_gpio.o
 .debug_frame   0x0000000000000ca8      0x21c Drivers/STM32F1xx_HAL_Driver/Src/stm32f1xx_hal_rcc.o
 .debug_frame   0x0000000000000ec4      0x834 Drivers/STM32F1xx_HAL_Driver/Src/stm32f1xx_hal_uart.o
 .debug_frame   0x00000000000016f8       0x2c /opt/st/stm32cubeide_1.3.0/plugins/com.st.stm32cube.ide.mcu.externaltools.gnu-tools-for-stm32.7-2018-q2-update.linux64_1.0.0.201904181610/tools/bin/../lib/gcc/arm-none-eabi/7.3.1/../../../../arm-none-eabi/lib/thumb/v7-m/libc_nano.a(lib_a-init.o)
 .debug_frame   0x0000000000001724       0x20 /opt/st/stm32cubeide_1.3.0/plugins/com.st.stm32cube.ide.mcu.externaltools.gnu-tools-for-stm32.7-2018-q2-update.linux64_1.0.0.201904181610/tools/bin/../lib/gcc/arm-none-eabi/7.3.1/../../../../arm-none-eabi/lib/thumb/v7-m/libc_nano.a(lib_a-memset.o)
